// Jest Snapshot v1, https://goo.gl/fbAQLP

exports[`Component: InlineSVG should match content with specified props 1`] = `
<span
  dangerouslySetInnerHTML={
    Object {
      "__html": "<svg role=\\"img\\" aria-labelledby=\\"svg-oz2uk\\" width=\\"20\\" height=\\"20\\"><title id=\\"svg-oz2uk\\">Icon - home - house</title><path d=\\"M13 23h7V8L10 .631 0 8v15h7v-7h6v7z\\"/></svg>",
    }
  }
/>
`;
